// Jest Snapshot v1, https://goo.gl/fbAQLP

exports[`<SignIn /> Should match snapshot 1`] = `
<View
  style={
    {
      "backgroundColor": "#EFFBF4",
      "flex": 1,
    }
  }
>
  <RCTScrollView
    contentContainerStyle={
      {
        "alignItems": "center",
        "gap": 60,
        "height": "90%",
        "justifyContent": "center",
      }
    }
  >
    <View>
      <View>
        <Image
          alt="Ticket scan logo"
          source={1}
        />
      </View>
      <View
        style={
          {
            "display": "flex",
            "gap": 20,
            "width": "70%",
          }
        }
      >
        <View>
          <View
            focusable={true}
            onBlur={[Function]}
            onFocus={[Function]}
            style={
              [
                {
                  "backgroundColor": "#FFFFFF",
                  "borderColor": "#FFFFFF",
                  "borderRadius": 10,
                  "borderWidth": 2,
                  "elevation": 10,
                  "height": "auto",
                  "shadowColor": "#000000",
                  "shadowOffset": {
                    "height": 4,
                    "width": 0,
                  },
                  "shadowOpacity": 0.25,
                  "shadowRadius": 4,
                  "width": "100%",
                },
                false,
                undefined,
              ]
            }
          >
            <Text
              style={
                {
                  "color": "#0000004d",
                  "fontWeight": "600",
                  "marginLeft": 15,
                  "marginTop": 10,
                }
              }
            >
              Correo electrónico
            </Text>
            <View>
              <TextInput
                inputMode="email"
                onBlur={[Function]}
                onChangeText={[Function]}
                style={
                  [
                    {
                      "margin": 15,
                    },
                  ]
                }
                testID="email-input"
                value=""
              />
            </View>
          </View>
          <View />
        </View>
        <View>
          <View
            focusable={true}
            onBlur={[Function]}
            onFocus={[Function]}
            style={
              [
                {
                  "backgroundColor": "#FFFFFF",
                  "borderColor": "#FFFFFF",
                  "borderRadius": 10,
                  "borderWidth": 2,
                  "elevation": 10,
                  "height": "auto",
                  "shadowColor": "#000000",
                  "shadowOffset": {
                    "height": 4,
                    "width": 0,
                  },
                  "shadowOpacity": 0.25,
                  "shadowRadius": 4,
                  "width": "100%",
                },
                false,
                undefined,
              ]
            }
          >
            <Text
              style={
                {
                  "color": "#0000004d",
                  "fontWeight": "600",
                  "marginLeft": 15,
                  "marginTop": 10,
                }
              }
            >
              Password
            </Text>
            <View>
              <TextInput
                onBlur={[Function]}
                onChangeText={[Function]}
                secureTextEntry={true}
                style={
                  [
                    {
                      "margin": 15,
                    },
                  ]
                }
                testID="password-input"
                value=""
              />
            </View>
          </View>
          <View
            style={
              {
                "height": 22,
              }
            }
          />
        </View>
        <View
          accessibilityState={
            {
              "busy": undefined,
              "checked": undefined,
              "disabled": false,
              "expanded": undefined,
              "selected": undefined,
            }
          }
          accessibilityValue={
            {
              "max": undefined,
              "min": undefined,
              "now": undefined,
              "text": undefined,
            }
          }
          accessible={true}
          collapsable={false}
          focusable={true}
          onClick={[Function]}
          onResponderGrant={[Function]}
          onResponderMove={[Function]}
          onResponderRelease={[Function]}
          onResponderTerminate={[Function]}
          onResponderTerminationRequest={[Function]}
          onStartShouldSetResponder={[Function]}
          style={
            {
              "backgroundColor": "#2FF5A3",
              "borderRadius": 10,
              "elevation": 10,
              "opacity": 1,
              "padding": 15,
              "shadowColor": "#000000",
              "shadowOffset": {
                "height": 4,
                "width": 0,
              },
              "shadowOpacity": 0.25,
              "shadowRadius": 4,
            }
          }
          testID="submit-login"
        >
          <Text
            style={
              {
                "color": "#FFFFFF",
                "fontWeight": "800",
                "textAlign": "center",
              }
            }
          >
            Ingresar
          </Text>
        </View>
      </View>
    </View>
  </RCTScrollView>
  <View
    style={
      {
        "alignContent": "center",
        "alignItems": "center",
        "display": "flex",
        "marginBottom": 15,
      }
    }
  >
    <Text
      style={
        {
          "color": "#73C69C",
          "textAlign": "center",
        }
      }
    >
      © Ticketscan todos los derechos reservados 2023
    </Text>
    <Text
      style={
        {
          "color": "#73C69C",
          "textAlign": "center",
        }
      }
    >
      Powered by Lagoon Studio
    </Text>
  </View>
</View>
`;
